<html>
<body>
<pre>
<h1>µVision Build Log</h1>
<h2>Project:</h2>
D:\Documents and Settings\admin\Desktop\nu 140\NuvotonPlatform_Keil\Src\NUC1xx-LB_002\proj.uvproj
Project File Date:  04/25/2019

<h2>Output:</h2>
Build target 'Target 1'
assembling startup_NUC1xx.s...
compiling 1.c...
1.c(6): error:  #5: cannot open source input file "LCD_Driver.h": No such file or directory
compiling core_cm0.c...
compiling system_NUC1xx.c...
compiling DrvADC.c...
compiling DrvPWM.c...
compiling DrvSYS.c...
compiling Ascii_Table.C...
compiling LCD_Driver.c...
Target not created
Build target 'Target 1'
compiling 1.c...
1.c(6): error:  #5: cannot open source input file "LCD_Driver.h": No such file or directory
compiling core_cm0.c...
compiling system_NUC1xx.c...
compiling DrvADC.c...
compiling DrvPWM.c...
compiling DrvSYS.c...
compiling Ascii_Table.C...
compiling LCD_Driver.c...
Target not created
Build target 'Target 1'
compiling 1.c...
1.c(6): error:  #5: cannot open source input file "Driver\LCD_Driver.h": No such file or directory
Target not created
Build target 'Target 1'
compiling 1.c...
1.c(17): error:  #140: too many arguments in function call
1.c(37): warning:  #1-D: last line of file ends without a newline
compiling core_cm0.c...
compiling system_NUC1xx.c...
compiling DrvADC.c...
compiling DrvPWM.c...
compiling DrvSYS.c...
compiling Ascii_Table.C...
compiling LCD_Driver.c...
Target not created
Build target 'Target 1'
compiling 1.c...
1.c(17): error:  #140: too many arguments in function call
1.c(37): warning:  #1-D: last line of file ends without a newline
Target not created
Build target 'Target 1'
compiling 1.c...
1.c(17): error:  #140: too many arguments in function call
1.c(37): warning:  #1-D: last line of file ends without a newline
Target not created
Build target 'Target 1'
compiling 1.c...
1.c(17): error:  #140: too many arguments in function call
1.c(37): warning:  #1-D: last line of file ends without a newline
Target not created
Build target 'Target 1'
compiling 1.c...
1.c(17): error:  #140: too many arguments in function call
1.c(37): warning:  #1-D: last line of file ends without a newline
compiling core_cm0.c...
compiling system_NUC1xx.c...
compiling DrvADC.c...
compiling DrvPWM.c...
compiling DrvSYS.c...
compiling Ascii_Table.C...
compiling LCD_Driver.c...
Target not created
Build target 'Target 1'
compiling 1.c...
1.c(17): error:  #140: too many arguments in function call
1.c(37): warning:  #1-D: last line of file ends without a newline
Target not created
Build target 'Target 1'
compiling 1.c...
1.c(17): error:  #140: too many arguments in function call
1.c(38): warning:  #1-D: last line of file ends without a newline
Target not created
Build target 'Target 1'
compiling 1.c...
1.c(17): error:  #140: too many arguments in function call
1.c(37): warning:  #1-D: last line of file ends without a newline
Target not created
Build target 'Target 1'
compiling 1.c...
1.c(17): error:  #140: too many arguments in function call
1.c(37): warning:  #1-D: last line of file ends without a newline
Target not created
Build target 'Target 1'
compiling ScanKey.c...
compiling 1_1.c...
..\..\Sample\EduSampleCode\1_1.c(17): error:  #140: too many arguments in function call
..\..\Sample\EduSampleCode\1_1.c(37): warning:  #1-D: last line of file ends without a newline
Target not created
Build target 'Target 1'
compiling 1_1.c...
..\..\Sample\EduSampleCode\1_1.c(37): warning:  #1-D: last line of file ends without a newline
linking...
proj.axf: Error: L6218E: Undefined symbol DrvGPIO_Open (referred from lcd_driver.o).
proj.axf: Error: L6218E: Undefined symbol DrvGPIO_SetBit (referred from lcd_driver.o).
proj.axf: Error: L6218E: Undefined symbol DrvGPIO_Close (referred from scankey.o).
proj.axf: Error: L6218E: Undefined symbol DrvGPIO_ClrBit (referred from scankey.o).
proj.axf: Error: L6218E: Undefined symbol DrvGPIO_GetBit (referred from scankey.o).
Target not created
Build target 'Target 1'
compiling 1_1.c...
..\..\Sample\EduSampleCode\1_1.c(37): warning:  #1-D: last line of file ends without a newline
compiling DrvGPIO.c...
linking...
Program Size: Code=23884 RO-data=544 RW-data=1604 ZI-data=1196  
"proj.axf" - 0 Error(s), 1 Warning(s).
Load "D:\\Documents and Settings\\admin\\Desktop\\nu 140\\NuvotonPlatform_Keil\\Src\\NUC1xx-LB_002\\proj.AXF" 
Load "D:\\Documents and Settings\\admin\\Desktop\\nu 140\\NuvotonPlatform_Keil\\Src\\NUC1xx-LB_002\\proj.AXF" 
Build target 'Target 1'
compiling 1_1.c...
..\..\Sample\EduSampleCode\1_1.c(59): warning:  #1-D: last line of file ends without a newline
compiling Seven_Segment.c...
linking...
Program Size: Code=17468 RO-data=240 RW-data=84 ZI-data=1196  
"proj.axf" - 0 Error(s), 1 Warning(s).
Load "D:\\Documents and Settings\\admin\\Desktop\\nu 140\\NuvotonPlatform_Keil\\Src\\NUC1xx-LB_002\\proj.AXF" 
Load "D:\\Documents and Settings\\admin\\Desktop\\nu 140\\NuvotonPlatform_Keil\\Src\\NUC1xx-LB_002\\proj.AXF" 
Rebuild target 'Target 1'
assembling startup_NUC1xx.s...
compiling core_cm0.c...
compiling system_NUC1xx.c...
compiling DrvADC.c...
compiling DrvPWM.c...
compiling DrvSYS.c...
compiling Ascii_Table.C...
compiling LCD_Driver.c...
compiling ScanKey.c...
compiling 1_1.c...
..\..\Sample\EduSampleCode\1_1.c(17): error:  #140: too many arguments in function call
..\..\Sample\EduSampleCode\1_1.c(32): warning:  #1-D: last line of file ends without a newline
compiling DrvGPIO.c...
compiling Seven_Segment.c...
Target not created
Build target 'Target 1'
compiling 1_1.c...
..\..\Sample\EduSampleCode\1_1.c(32): warning:  #1-D: last line of file ends without a newline
linking...
Program Size: Code=17220 RO-data=240 RW-data=68 ZI-data=1196  
"proj.axf" - 0 Error(s), 1 Warning(s).
Load "D:\\Documents and Settings\\admin\\Desktop\\nu 140\\NuvotonPlatform_Keil\\Src\\NUC1xx-LB_002\\proj.AXF" 
Build target 'Target 1'
compiling 1_1.c...
linking...
Program Size: Code=17396 RO-data=240 RW-data=68 ZI-data=1196  
"proj.axf" - 0 Error(s), 0 Warning(s).
Rebuild target 'Target 1'
assembling startup_NUC1xx.s...
compiling core_cm0.c...
compiling system_NUC1xx.c...
compiling DrvADC.c...
compiling DrvPWM.c...
compiling DrvSYS.c...
compiling Ascii_Table.C...
compiling LCD_Driver.c...
compiling ScanKey.c...
compiling 1_1.c...
compiling DrvGPIO.c...
compiling Seven_Segment.c...
linking...
Program Size: Code=17396 RO-data=240 RW-data=68 ZI-data=1196  
"proj.axf" - 0 Error(s), 0 Warning(s).
Load "D:\\Documents and Settings\\admin\\Desktop\\nu 140\\NuvotonPlatform_Keil\\Src\\NUC1xx-LB_002\\proj.AXF" 
Build target 'Target 1'
compiling 1_1.c...
..\..\Sample\EduSampleCode\1_1.c(52): warning:  #223-D: function "InitRTC" declared implicitly
..\..\Sample\EduSampleCode\1_1.c(53): warning:  #223-D: function "START_RTC" declared implicitly
..\..\Sample\EduSampleCode\1_1.c(60): warning:  #223-D: function "set_CLR" declared implicitly
..\..\Sample\EduSampleCode\1_1.c(61): warning:  #223-D: function "set_TLR" declared implicitly
..\..\Sample\EduSampleCode\1_1.c(65): warning:  #223-D: function "set_CAR" declared implicitly
..\..\Sample\EduSampleCode\1_1.c(66): warning:  #223-D: function "set_TAR" declared implicitly
..\..\Sample\EduSampleCode\1_1.c(83): warning:  #1-D: last line of file ends without a newline
compiling DrvRTC.c...
linking...
proj.axf: Error: L6200E: Symbol RTC_IRQHandler multiply defined (by drvrtc.o and 1_1.o).
Target not created
Build target 'Target 1'
compiling 1_1.c...
..\..\Include\Driver\DrvRTC.h(166): warning:  #77-D: this declaration has no storage class or type specifier
..\..\Sample\EduSampleCode\1_1.c(83): warning:  #1-D: last line of file ends without a newline
compiling DrvRTC.c...
..\..\Include\Driver\DrvRTC.h(166): warning:  #77-D: this declaration has no storage class or type specifier
..\Driver\DrvRTC.c(909): warning:  #9-D: nested comment is not allowed
..\Driver\DrvRTC.c(929): error:  #147: declaration is incompatible with "int InitRTC(void)" (declared at line 166 of "..\..\Include\Driver\DrvRTC.h")
..\Driver\DrvRTC.c(935): warning:  #1-D: last line of file ends without a newline
Target not created
Build target 'Target 1'
compiling 1_1.c...
..\..\Include\Driver\DrvRTC.h(166): warning:  #77-D: this declaration has no storage class or type specifier
..\..\Sample\EduSampleCode\1_1.c(83): warning:  #1-D: last line of file ends without a newline
compiling DrvRTC.c...
..\..\Include\Driver\DrvRTC.h(166): warning:  #77-D: this declaration has no storage class or type specifier
..\Driver\DrvRTC.c(909): warning:  #9-D: nested comment is not allowed
..\Driver\DrvRTC.c(929): error:  #147: declaration is incompatible with "int InitRTC(void)" (declared at line 166 of "..\..\Include\Driver\DrvRTC.h")
..\Driver\DrvRTC.c(935): warning:  #1-D: last line of file ends without a newline
Target not created
Build target 'Target 1'
compiling 1_1.c...
..\..\Sample\EduSampleCode\1_1.c(83): warning:  #1-D: last line of file ends without a newline
compiling DrvRTC.c...
..\Driver\DrvRTC.c(909): warning:  #9-D: nested comment is not allowed
..\Driver\DrvRTC.c(935): warning:  #1-D: last line of file ends without a newline
linking...
Program Size: Code=22628 RO-data=300 RW-data=1688 ZI-data=1200  
"proj.axf" - 0 Error(s), 3 Warning(s).
Load "D:\\Documents and Settings\\admin\\Desktop\\nu 140\\NuvotonPlatform_Keil\\Src\\NUC1xx-LB_002\\proj.AXF" 
Build target 'Target 1'
compiling 1_1.c...
..\..\Sample\EduSampleCode\1_1.c(83): warning:  #1-D: last line of file ends without a newline
linking...
Program Size: Code=22628 RO-data=300 RW-data=1688 ZI-data=1200  
"proj.axf" - 0 Error(s), 1 Warning(s).
Load "D:\\Documents and Settings\\admin\\Desktop\\nu 140\\NuvotonPlatform_Keil\\Src\\NUC1xx-LB_002\\proj.AXF" 
Build target 'Target 1'
compiling 1_1.c...
..\..\Sample\EduSampleCode\1_1.c(83): warning:  #1-D: last line of file ends without a newline
linking...
Program Size: Code=22628 RO-data=300 RW-data=1688 ZI-data=1200  
"proj.axf" - 0 Error(s), 1 Warning(s).
Load "D:\\Documents and Settings\\admin\\Desktop\\nu 140\\NuvotonPlatform_Keil\\Src\\NUC1xx-LB_002\\proj.AXF" 
Load "D:\\Documents and Settings\\admin\\Desktop\\nu 140\\NuvotonPlatform_Keil\\Src\\NUC1xx-LB_002\\proj.AXF" 
Build target 'Target 1'
compiling 1_1.c...
..\..\Sample\EduSampleCode\1_1.c(83): warning:  #1-D: last line of file ends without a newline
linking...
Program Size: Code=22628 RO-data=300 RW-data=1688 ZI-data=1200  
"proj.axf" - 0 Error(s), 1 Warning(s).
Load "D:\\Documents and Settings\\admin\\Desktop\\nu 140\\NuvotonPlatform_Keil\\Src\\NUC1xx-LB_002\\proj.AXF" 
Build target 'Target 1'
compiling 1_1.c...
..\..\Sample\EduSampleCode\1_1.c(83): warning:  #1-D: last line of file ends without a newline
compiling DrvRTC.c...
..\Driver\DrvRTC.c(909): warning:  #9-D: nested comment is not allowed
..\Driver\DrvRTC.c(935): warning:  #1-D: last line of file ends without a newline
linking...
Program Size: Code=22628 RO-data=300 RW-data=1688 ZI-data=1200  
"proj.axf" - 0 Error(s), 3 Warning(s).
Load "D:\\Documents and Settings\\admin\\Desktop\\nu 140\\NuvotonPlatform_Keil\\Src\\NUC1xx-LB_002\\proj.AXF" 
