ARM Linker, 4.1 [Build 894] [Evaluation]

==============================================================================

Section Cross References

    startup_nuc1xx.o(STACK) refers (Special) to heapauxi.o(.text) for __use_two_region_memory
    startup_nuc1xx.o(HEAP) refers (Special) to heapauxi.o(.text) for __use_two_region_memory
    startup_nuc1xx.o(RESET) refers (Special) to heapauxi.o(.text) for __use_two_region_memory
    startup_nuc1xx.o(RESET) refers to startup_nuc1xx.o(STACK) for __initial_sp
    startup_nuc1xx.o(RESET) refers to startup_nuc1xx.o(.text) for Reset_Handler
    startup_nuc1xx.o(RESET) refers to drvsys.o(.text) for BOD_IRQHandler
    startup_nuc1xx.o(RESET) refers to drvgpio.o(.text) for EINT0_IRQHandler
    startup_nuc1xx.o(RESET) refers to drvuart.o(.text) for UART02_IRQHandler
    startup_nuc1xx.o(RESET) refers to drvadc.o(.text) for ADC_IRQHandler
    startup_nuc1xx.o(.text) refers (Special) to heapauxi.o(.text) for __use_two_region_memory
    startup_nuc1xx.o(.text) refers to system_nuc1xx.o(.text) for SystemInit
    startup_nuc1xx.o(.text) refers to __main.o(!!!main) for __main
    startup_nuc1xx.o(.text) refers to startup_nuc1xx.o(HEAP) for Heap_Mem
    startup_nuc1xx.o(.text) refers to startup_nuc1xx.o(STACK) for Stack_Mem
    system_nuc1xx.o(.text) refers to aeabi_sdiv.o(.text) for __aeabi_uidivmod
    system_nuc1xx.o(.text) refers to system_nuc1xx.o(.data) for gau32ClkSrcTbl
    drvadc.o(.text) refers to drvadc.o(.data) for g_ptADCCallBack
    drvadc.o(.text) refers to drvadc.o(.bss) for g_pu32UserData
    drvadc.o(.text) refers to aeabi_sdiv.o(.text) for __aeabi_uidivmod
    drvadc.o(.text) refers to drvsys.o(.text) for DrvSYS_GetPLLClockFreq
    drvsys.o(.text) refers to system_nuc1xx.o(.text) for SystemCoreClockUpdate
    drvsys.o(.text) refers to drvsys.o(i.__ARM_common_switch8) for __ARM_common_switch8
    drvsys.o(.text) refers to drvsys.o(.data) for BOD_callbackFn
    drvsys.o(.text) refers to aeabi_sdiv.o(.text) for __aeabi_uidivmod
    drvsys.o(.text) refers to drvsys.o(.constdata) for .constdata
    drvsys.o(.text) refers to system_nuc1xx.o(.data) for CyclesPerUs
    drvuart.o(.text) refers to aeabi_sdiv.o(.text) for __aeabi_uidivmod
    drvuart.o(.text) refers to drvsys.o(.text) for DrvSYS_GetExtClockFreq
    drvuart.o(.text) refers to drvuart.o(.data) for g_pfnUART0callback
    drvgpio.o(.text) refers to drvgpio.o(.data) for _pfGPABCallback
    drvgpio.o(.text) refers to drvsys.o(i.__ARM_common_switch8) for __ARM_common_switch8
    scankey.o(.text) refers to drvgpio.o(.text) for DrvGPIO_Open
    scankey.o(.text) refers to scankey.o(.constdata) for .constdata
    proj.o(.text) refers to drvgpio.o(.text) for DrvGPIO_Open
    proj.o(.text) refers to drvsys.o(.text) for DrvSYS_Open
    lcd_driver.o(.text) refers to drvgpio.o(.text) for DrvGPIO_Open
    lcd_driver.o(.text) refers to lcd_driver.o(.data) for SPI_PORT
    lcd_driver.o(.text) refers to ascii_table.o(.data) for Ascii
    __main.o(!!!main) refers to rtentry.o(.ARM.Collect$$rtentry$$00000000) for __rt_entry
    rtentry.o(.ARM.Collect$$rtentry$$00000000) refers (Special) to rtentry2.o(.ARM.Collect$$rtentry$$0000000A) for __rt_entry_li
    rtentry.o(.ARM.Collect$$rtentry$$00000000) refers (Special) to rtentry2.o(.ARM.Collect$$rtentry$$0000000D) for __rt_entry_main
    rtentry.o(.ARM.Collect$$rtentry$$00000000) refers (Special) to rtentry2.o(.ARM.Collect$$rtentry$$0000000C) for __rt_entry_postli_1
    rtentry.o(.ARM.Collect$$rtentry$$00000000) refers (Special) to rtentry2.o(.ARM.Collect$$rtentry$$00000009) for __rt_entry_postsh_1
    rtentry.o(.ARM.Collect$$rtentry$$00000000) refers (Special) to rtentry2.o(.ARM.Collect$$rtentry$$00000002) for __rt_entry_presh_1
    rtentry.o(.ARM.Collect$$rtentry$$00000000) refers (Special) to rtentry4.o(.ARM.Collect$$rtentry$$00000004) for __rt_entry_sh
    aeabi_idiv0_sigfpe.o(.text) refers to rt_div0.o(.text) for __rt_div0
    rtentry2.o(.ARM.Collect$$rtentry$$00000008) refers to boardinit2.o(.text) for _platform_post_stackheap_init
    rtentry2.o(.ARM.Collect$$rtentry$$0000000A) refers to libinit.o(.ARM.Collect$$libinit$$00000000) for __rt_lib_init
    rtentry2.o(.ARM.Collect$$rtentry$$0000000B) refers to boardinit3.o(.text) for _platform_post_lib_init
    rtentry2.o(.ARM.Collect$$rtentry$$0000000D) refers to proj.o(.text) for main
    rtentry2.o(.ARM.Collect$$rtentry$$0000000D) refers to exit.o(.text) for exit
    rtentry2.o(.ARM.exidx) refers to rtentry2.o(.ARM.Collect$$rtentry$$00000001) for .ARM.Collect$$rtentry$$00000001
    rtentry2.o(.ARM.exidx) refers to rtentry2.o(.ARM.Collect$$rtentry$$00000008) for .ARM.Collect$$rtentry$$00000008
    rtentry2.o(.ARM.exidx) refers to rtentry2.o(.ARM.Collect$$rtentry$$0000000A) for .ARM.Collect$$rtentry$$0000000A
    rtentry2.o(.ARM.exidx) refers to rtentry2.o(.ARM.Collect$$rtentry$$0000000B) for .ARM.Collect$$rtentry$$0000000B
    rtentry2.o(.ARM.exidx) refers to rtentry2.o(.ARM.Collect$$rtentry$$0000000D) for .ARM.Collect$$rtentry$$0000000D
    rtentry4.o(.ARM.Collect$$rtentry$$00000004) refers to sys_stackheap_outer.o(.text) for __user_setup_stackheap
    rtentry4.o(.ARM.exidx) refers to rtentry4.o(.ARM.Collect$$rtentry$$00000004) for .ARM.Collect$$rtentry$$00000004
    rt_div0.o(.text) refers to defsig_fpe_outer.o(.text) for __rt_SIGFPE
    sys_stackheap_outer.o(.text) refers to libspace.o(.text) for __user_perproc_libspace
    sys_stackheap_outer.o(.text) refers to startup_nuc1xx.o(.text) for __user_initial_stackheap
    sys_stackheap_outer.o(__vectab_stack_and_reset_area) refers to tempstk.o(.text) for __temporary_stack_top
    sys_stackheap_outer.o(__vectab_stack_and_reset_area) refers to __main.o(!!!main) for __main
    exit.o(.text) refers to rtexit.o(.ARM.Collect$$rtexit$$00000000) for __rt_exit
    defsig_fpe_outer.o(.text) refers to defsig_fpe_inner.o(.text) for __rt_SIGFPE_inner
    defsig_fpe_outer.o(.text) refers to defsig_exit.o(.text) for __sig_exit
    defsig_fpe_formal.o(.text) refers to rt_raise.o(.text) for __rt_raise
    libinit.o(.ARM.Collect$$libinit$$00000000) refers (Special) to libinit2.o(.ARM.Collect$$libinit$$0000002A) for __rt_lib_init_alloca_1
    libinit.o(.ARM.Collect$$libinit$$00000000) refers (Special) to libinit2.o(.ARM.Collect$$libinit$$00000028) for __rt_lib_init_argv_1
    libinit.o(.ARM.Collect$$libinit$$00000000) refers (Special) to libinit2.o(.ARM.Collect$$libinit$$00000017) for __rt_lib_init_atexit_1
    libinit.o(.ARM.Collect$$libinit$$00000000) refers (Special) to libinit2.o(.ARM.Collect$$libinit$$0000001D) for __rt_lib_init_clock_1
    libinit.o(.ARM.Collect$$libinit$$00000000) refers (Special) to libinit2.o(.ARM.Collect$$libinit$$0000002E) for __rt_lib_init_cpp_1
    libinit.o(.ARM.Collect$$libinit$$00000000) refers (Special) to libinit2.o(.ARM.Collect$$libinit$$0000002C) for __rt_lib_init_exceptions_1
    libinit.o(.ARM.Collect$$libinit$$00000000) refers (Special) to libinit2.o(.ARM.Collect$$libinit$$0000001B) for __rt_lib_init_fp_trap_1
    libinit.o(.ARM.Collect$$libinit$$00000000) refers (Special) to libinit2.o(.ARM.Collect$$libinit$$0000001F) for __rt_lib_init_getenv_1
    libinit.o(.ARM.Collect$$libinit$$00000000) refers (Special) to libinit2.o(.ARM.Collect$$libinit$$00000006) for __rt_lib_init_heap_1
    libinit.o(.ARM.Collect$$libinit$$00000000) refers (Special) to libinit2.o(.ARM.Collect$$libinit$$0000000D) for __rt_lib_init_lc_collate_1
    libinit.o(.ARM.Collect$$libinit$$00000000) refers (Special) to libinit2.o(.ARM.Collect$$libinit$$0000000F) for __rt_lib_init_lc_ctype_1
    libinit.o(.ARM.Collect$$libinit$$00000000) refers (Special) to libinit2.o(.ARM.Collect$$libinit$$00000011) for __rt_lib_init_lc_monetary_1
    libinit.o(.ARM.Collect$$libinit$$00000000) refers (Special) to libinit2.o(.ARM.Collect$$libinit$$00000013) for __rt_lib_init_lc_numeric_1
    libinit.o(.ARM.Collect$$libinit$$00000000) refers (Special) to libinit2.o(.ARM.Collect$$libinit$$00000015) for __rt_lib_init_lc_time_1
    libinit.o(.ARM.Collect$$libinit$$00000000) refers (Special) to libinit2.o(.ARM.Collect$$libinit$$0000000A) for __rt_lib_init_rand_1
    libinit.o(.ARM.Collect$$libinit$$00000000) refers (Special) to libinit2.o(.ARM.Collect$$libinit$$0000002F) for __rt_lib_init_return
    libinit.o(.ARM.Collect$$libinit$$00000000) refers (Special) to libinit2.o(.ARM.Collect$$libinit$$00000019) for __rt_lib_init_signal_1
    libinit.o(.ARM.Collect$$libinit$$00000000) refers (Special) to libinit2.o(.ARM.Collect$$libinit$$00000021) for __rt_lib_init_stdio_1
    libinit.o(.ARM.Collect$$libinit$$00000000) refers (Special) to libinit2.o(.ARM.Collect$$libinit$$00000008) for __rt_lib_init_user_alloc_1
    libspace.o(.text) refers to libspace.o(.bss) for __libspace_start
    rtexit.o(.ARM.Collect$$rtexit$$00000000) refers (Special) to rtexit2.o(.ARM.Collect$$rtexit$$00000004) for __rt_exit_exit
    rtexit.o(.ARM.Collect$$rtexit$$00000000) refers (Special) to rtexit2.o(.ARM.Collect$$rtexit$$00000003) for __rt_exit_ls
    rtexit.o(.ARM.Collect$$rtexit$$00000000) refers (Special) to rtexit2.o(.ARM.Collect$$rtexit$$00000002) for __rt_exit_prels_1
    rtexit.o(.ARM.exidx) refers (Special) to rtexit2.o(.ARM.Collect$$rtexit$$00000004) for __rt_exit_exit
    rtexit.o(.ARM.exidx) refers (Special) to rtexit2.o(.ARM.Collect$$rtexit$$00000003) for __rt_exit_ls
    rtexit.o(.ARM.exidx) refers (Special) to rtexit2.o(.ARM.Collect$$rtexit$$00000002) for __rt_exit_prels_1
    rtexit.o(.ARM.exidx) refers to rtexit.o(.ARM.Collect$$rtexit$$00000000) for .ARM.Collect$$rtexit$$00000000
    rt_raise.o(.text) refers to __raise.o(.text) for __raise
    rt_raise.o(.text) refers to sys_exit.o(.text) for _sys_exit
    defsig_exit.o(.text) refers to sys_exit.o(.text) for _sys_exit
    defsig_fpe_inner.o(.text) refers to defsig_general.o(.text) for __default_signal_display
    libinit2.o(.ARM.Collect$$libinit$$0000000C) refers to libinit2.o(.ARM.Collect$$libinit$$0000000B) for .ARM.Collect$$libinit$$0000000B
    libinit2.o(.ARM.Collect$$libinit$$0000000E) refers to libinit2.o(.ARM.Collect$$libinit$$0000000B) for .ARM.Collect$$libinit$$0000000B
    libinit2.o(.ARM.Collect$$libinit$$00000010) refers to libinit2.o(.ARM.Collect$$libinit$$0000000B) for .ARM.Collect$$libinit$$0000000B
    libinit2.o(.ARM.Collect$$libinit$$00000012) refers to libinit2.o(.ARM.Collect$$libinit$$0000000B) for .ARM.Collect$$libinit$$0000000B
    libinit2.o(.ARM.Collect$$libinit$$00000014) refers to libinit2.o(.ARM.Collect$$libinit$$0000000B) for .ARM.Collect$$libinit$$0000000B
    libinit2.o(.ARM.Collect$$libinit$$00000022) refers to argv_veneer.o(.text) for __ARM_argv_veneer
    libinit2.o(.ARM.Collect$$libinit$$00000023) refers to argv_veneer.o(.text) for __ARM_argv_veneer
    sys_exit.o(.text) refers (Special) to use_no_semi.o(.text) for __I$use$semihosting
    sys_exit.o(.text) refers (Special) to indicate_semi.o(.text) for __semihosting_library_function
    rtexit2.o(.ARM.Collect$$rtexit$$00000003) refers to libshutdown.o(.ARM.Collect$$libshutdown$$00000000) for __rt_lib_shutdown
    rtexit2.o(.ARM.Collect$$rtexit$$00000004) refers to sys_exit.o(.text) for _sys_exit
    rtexit2.o(.ARM.exidx) refers to rtexit2.o(.ARM.Collect$$rtexit$$00000001) for .ARM.Collect$$rtexit$$00000001
    rtexit2.o(.ARM.exidx) refers to rtexit2.o(.ARM.Collect$$rtexit$$00000003) for .ARM.Collect$$rtexit$$00000003
    rtexit2.o(.ARM.exidx) refers to rtexit2.o(.ARM.Collect$$rtexit$$00000004) for .ARM.Collect$$rtexit$$00000004
    __raise.o(.text) refers to defsig.o(CL$$defsig) for __default_signal_handler
    defsig_general.o(.text) refers to sys_wrch.o(.text) for _ttywrch
    sys_wrch.o(.text) refers (Special) to use_no_semi.o(.text) for __I$use$semihosting
    sys_wrch.o(.text) refers (Special) to indicate_semi.o(.text) for __semihosting_library_function
    defsig.o(CL$$defsig) refers to defsig_fpe_inner.o(.text) for __rt_SIGFPE_inner
    defsig.o(CL$$defsig) refers to defsig_rtmem_inner.o(.text) for __rt_SIGRTMEM_inner
    _get_argv_nomalloc.o(.text) refers (Special) to hrguard.o(.text) for __heap_region$guard
    _get_argv_nomalloc.o(.text) refers to defsig_rtmem_outer.o(.text) for __rt_SIGRTMEM
    _get_argv_nomalloc.o(.text) refers to sys_command.o(.text) for _sys_command_string
    libshutdown.o(.ARM.Collect$$libshutdown$$00000000) refers (Special) to libshutdown2.o(.ARM.Collect$$libshutdown$$00000006) for __rt_lib_shutdown_fp_trap_1
    libshutdown.o(.ARM.Collect$$libshutdown$$00000000) refers (Special) to libshutdown2.o(.ARM.Collect$$libshutdown$$0000000E) for __rt_lib_shutdown_heap_1
    libshutdown.o(.ARM.Collect$$libshutdown$$00000000) refers (Special) to libshutdown2.o(.ARM.Collect$$libshutdown$$0000000F) for __rt_lib_shutdown_return
    libshutdown.o(.ARM.Collect$$libshutdown$$00000000) refers (Special) to libshutdown2.o(.ARM.Collect$$libshutdown$$00000009) for __rt_lib_shutdown_signal_1
    libshutdown.o(.ARM.Collect$$libshutdown$$00000000) refers (Special) to libshutdown2.o(.ARM.Collect$$libshutdown$$00000003) for __rt_lib_shutdown_stdio_1
    libshutdown.o(.ARM.Collect$$libshutdown$$00000000) refers (Special) to libshutdown2.o(.ARM.Collect$$libshutdown$$0000000B) for __rt_lib_shutdown_user_alloc_1
    sys_command.o(.text) refers (Special) to use_no_semi.o(.text) for __I$use$semihosting
    sys_command.o(.text) refers (Special) to indicate_semi.o(.text) for __semihosting_library_function
    defsig_abrt_inner.o(.text) refers to defsig_general.o(.text) for __default_signal_display
    defsig_rtred_inner.o(.text) refers to defsig_general.o(.text) for __default_signal_display
    defsig_rtmem_inner.o(.text) refers to defsig_general.o(.text) for __default_signal_display
    defsig_rtmem_outer.o(.text) refers to defsig_rtmem_inner.o(.text) for __rt_SIGRTMEM_inner
    defsig_rtmem_outer.o(.text) refers to defsig_exit.o(.text) for __sig_exit
    defsig_rtmem_formal.o(.text) refers to rt_raise.o(.text) for __rt_raise
    defsig_stak_inner.o(.text) refers to defsig_general.o(.text) for __default_signal_display
    defsig_pvfn_inner.o(.text) refers to defsig_general.o(.text) for __default_signal_display
    defsig_cppl_inner.o(.text) refers to defsig_general.o(.text) for __default_signal_display
    defsig_segv_inner.o(.text) refers to defsig_general.o(.text) for __default_signal_display
    defsig_other.o(.text) refers to defsig_general.o(.text) for __default_signal_display


==============================================================================

Removing Unused input sections from the image.

    Removing core_cm0.o(.emb_text), (32 bytes).
    Removing ascii_table.o(.data), (1520 bytes).
    Removing scankey.o(.text), (196 bytes).
    Removing scankey.o(.constdata), (4 bytes).
    Removing lcd_driver.o(.text), (1172 bytes).
    Removing lcd_driver.o(.data), (16 bytes).

6 unused section(s) (total 2940 bytes) removed from the image.

==============================================================================

Image Symbol Table

    Local Symbols

    Symbol Name                              Value     Ov Type        Size  Object(Section)

    RESET                                    0x00000000   Section      192  startup_nuc1xx.o(RESET)
    ../../angel/boardlib.s                   0x00000000   Number         0  boardinit3.o ABSOLUTE
    ../../angel/boardlib.s                   0x00000000   Number         0  boardinit1.o ABSOLUTE
    ../../angel/boardlib.s                   0x00000000   Number         0  boardinit2.o ABSOLUTE
    ../../angel/boardlib.s                   0x00000000   Number         0  boardshut.o ABSOLUTE
    ../../angel/handlers.s                   0x00000000   Number         0  __scatter_zi.o ABSOLUTE
    ../../angel/handlers.s                   0x00000000   Number         0  __scatter_copy.o ABSOLUTE
    ../../angel/kernel.s                     0x00000000   Number         0  rtentry4.o ABSOLUTE
    ../../angel/kernel.s                     0x00000000   Number         0  rtentry2.o ABSOLUTE
    ../../angel/kernel.s                     0x00000000   Number         0  rtentry.o ABSOLUTE
    ../../angel/kernel.s                     0x00000000   Number         0  rtexit.o ABSOLUTE
    ../../angel/kernel.s                     0x00000000   Number         0  rtexit2.o ABSOLUTE
    ../../angel/rt.s                         0x00000000   Number         0  rt_div0.o ABSOLUTE
    ../../angel/rt.s                         0x00000000   Number         0  aeabi_idiv0_sigfpe.o ABSOLUTE
    ../../angel/rt.s                         0x00000000   Number         0  aeabi_idiv0.o ABSOLUTE
    ../../angel/rt.s                         0x00000000   Number         0  rt_raise.o ABSOLUTE
    ../../angel/scatterp.s                   0x00000000   Number         0  __scatter.o ABSOLUTE
    ../../angel/startup.s                    0x00000000   Number         0  __main.o ABSOLUTE
    ../../angel/sys.s                        0x00000000   Number         0  sys_stackheap_outer.o ABSOLUTE
    ../../angel/sys.s                        0x00000000   Number         0  libspace.o ABSOLUTE
    ../../angel/sys.s                        0x00000000   Number         0  indicate_semi.o ABSOLUTE
    ../../angel/sys.s                        0x00000000   Number         0  use_no_semi.o ABSOLUTE
    ../../angel/sys.s                        0x00000000   Number         0  tempstk.o ABSOLUTE
    ../../angel/sysapp.c                     0x00000000   Number         0  sys_exit.o ABSOLUTE
    ../../angel/sysapp.c                     0x00000000   Number         0  sys_wrch.o ABSOLUTE
    ../../angel/sysapp.c                     0x00000000   Number         0  sys_command.o ABSOLUTE
    ../../armsys.c                           0x00000000   Number         0  argv_veneer.o ABSOLUTE
    ../../armsys.c                           0x00000000   Number         0  no_argv.o ABSOLUTE
    ../../armsys.c                           0x00000000   Number         0  _get_argv_nomalloc.o ABSOLUTE
    ../../cfplib/fpinit.c                    0x00000000   Number         0  fpinit.o ABSOLUTE
    ../../division.s                         0x00000000   Number         0  aeabi_sdiv.o ABSOLUTE
    ../../division.s                         0x00000000   Number         0  aeabi_sdiv_div0.o ABSOLUTE
    ../../heapalloc.c                        0x00000000   Number         0  hrguard.o ABSOLUTE
    ../../heapaux.c                          0x00000000   Number         0  heapauxi.o ABSOLUTE
    ../../libinit.s                          0x00000000   Number         0  libshutdown2.o ABSOLUTE
    ../../libinit.s                          0x00000000   Number         0  libshutdown.o ABSOLUTE
    ../../libinit.s                          0x00000000   Number         0  libinit2.o ABSOLUTE
    ../../libinit.s                          0x00000000   Number         0  libinit.o ABSOLUTE
    ../../signal.c                           0x00000000   Number         0  defsig_fpe_formal.o ABSOLUTE
    ../../signal.c                           0x00000000   Number         0  defsig_fpe_outer.o ABSOLUTE
    ../../signal.c                           0x00000000   Number         0  defsig_rtred_inner.o ABSOLUTE
    ../../signal.c                           0x00000000   Number         0  defsig_rtmem_outer.o ABSOLUTE
    ../../signal.c                           0x00000000   Number         0  defsig_rtmem_formal.o ABSOLUTE
    ../../signal.c                           0x00000000   Number         0  defsig_segv_inner.o ABSOLUTE
    ../../signal.c                           0x00000000   Number         0  defsig_stak_inner.o ABSOLUTE
    ../../signal.c                           0x00000000   Number         0  defsig_pvfn_inner.o ABSOLUTE
    ../../signal.c                           0x00000000   Number         0  defsig_other.o ABSOLUTE
    ../../signal.c                           0x00000000   Number         0  defsig_cppl_inner.o ABSOLUTE
    ../../signal.c                           0x00000000   Number         0  defsig_general.o ABSOLUTE
    ../../signal.c                           0x00000000   Number         0  __raise.o ABSOLUTE
    ../../signal.c                           0x00000000   Number         0  defsig_abrt_inner.o ABSOLUTE
    ../../signal.c                           0x00000000   Number         0  defsig_rtmem_inner.o ABSOLUTE
    ../../signal.c                           0x00000000   Number         0  defsig_fpe_inner.o ABSOLUTE
    ../../signal.c                           0x00000000   Number         0  defsig_exit.o ABSOLUTE
    ../../signal.s                           0x00000000   Number         0  defsig.o ABSOLUTE
    ../../stdlib.c                           0x00000000   Number         0  exit.o ABSOLUTE
    ..\..\..\..\..\NuvotonPlatform_Keil\Src\Driver\DrvADC.c 0x00000000   Number         0  drvadc.o ABSOLUTE
    ..\..\..\..\..\NuvotonPlatform_Keil\Src\Driver\DrvGPIO.c 0x00000000   Number         0  drvgpio.o ABSOLUTE
    ..\..\..\..\..\NuvotonPlatform_Keil\Src\Driver\DrvSYS.c 0x00000000   Number         0  drvsys.o ABSOLUTE
    ..\..\..\..\..\NuvotonPlatform_Keil\Src\Driver\DrvUART.c 0x00000000   Number         0  drvuart.o ABSOLUTE
    ..\..\..\..\..\NuvotonPlatform_Keil\Src\NUC1xx-LB_002\Ascii_Table.C 0x00000000   Number         0  ascii_table.o ABSOLUTE
    ..\..\..\..\..\NuvotonPlatform_Keil\Src\NUC1xx-LB_002\LCD_Driver.c 0x00000000   Number         0  lcd_driver.o ABSOLUTE
    ..\..\..\..\..\NuvotonPlatform_Keil\Src\NUC1xx-LB_002\ScanKey.c 0x00000000   Number         0  scankey.o ABSOLUTE
    ..\..\..\CoreSupport\core_cm0.c          0x00000000   Number         0  core_cm0.o ABSOLUTE
    ..\\..\\..\\CoreSupport\\core_cm0.c      0x00000000   Number         0  core_cm0.o ABSOLUTE
    dc.s                                     0x00000000   Number         0  dc.o ABSOLUTE
    proj.c                                   0x00000000   Number         0  proj.o ABSOLUTE
    startup_NUC1xx.s                         0x00000000   Number         0  startup_nuc1xx.o ABSOLUTE
    system_NUC1xx.c                          0x00000000   Number         0  system_nuc1xx.o ABSOLUTE
    !!!main                                  0x000000c0   Section        8  __main.o(!!!main)
    !!!scatter                               0x000000c8   Section       60  __scatter.o(!!!scatter)
    !!handler_copy                           0x00000104   Section       26  __scatter_copy.o(!!handler_copy)
    !!handler_zi                             0x00000120   Section       28  __scatter_zi.o(!!handler_zi)
    .ARM.Collect$$libinit$$00000000          0x0000013c   Section        6  libinit.o(.ARM.Collect$$libinit$$00000000)
    .ARM.Collect$$libinit$$00000006          0x00000142   Section        0  libinit2.o(.ARM.Collect$$libinit$$00000006)
    .ARM.Collect$$libinit$$00000008          0x00000142   Section        0  libinit2.o(.ARM.Collect$$libinit$$00000008)
    .ARM.Collect$$libinit$$0000000A          0x00000142   Section        0  libinit2.o(.ARM.Collect$$libinit$$0000000A)
    .ARM.Collect$$libinit$$0000000D          0x00000142   Section        0  libinit2.o(.ARM.Collect$$libinit$$0000000D)
    .ARM.Collect$$libinit$$0000000F          0x00000142   Section        0  libinit2.o(.ARM.Collect$$libinit$$0000000F)
    .ARM.Collect$$libinit$$00000011          0x00000142   Section        0  libinit2.o(.ARM.Collect$$libinit$$00000011)
    .ARM.Collect$$libinit$$00000013          0x00000142   Section        0  libinit2.o(.ARM.Collect$$libinit$$00000013)
    .ARM.Collect$$libinit$$00000015          0x00000142   Section        0  libinit2.o(.ARM.Collect$$libinit$$00000015)
    .ARM.Collect$$libinit$$00000017          0x00000142   Section        0  libinit2.o(.ARM.Collect$$libinit$$00000017)
    .ARM.Collect$$libinit$$00000019          0x00000142   Section        0  libinit2.o(.ARM.Collect$$libinit$$00000019)
    .ARM.Collect$$libinit$$0000001B          0x00000142   Section        0  libinit2.o(.ARM.Collect$$libinit$$0000001B)
    .ARM.Collect$$libinit$$0000001D          0x00000142   Section        0  libinit2.o(.ARM.Collect$$libinit$$0000001D)
    .ARM.Collect$$libinit$$0000001F          0x00000142   Section        0  libinit2.o(.ARM.Collect$$libinit$$0000001F)
    .ARM.Collect$$libinit$$00000021          0x00000142   Section        0  libinit2.o(.ARM.Collect$$libinit$$00000021)
    .ARM.Collect$$libinit$$00000028          0x00000142   Section        0  libinit2.o(.ARM.Collect$$libinit$$00000028)
    .ARM.Collect$$libinit$$0000002A          0x00000142   Section        0  libinit2.o(.ARM.Collect$$libinit$$0000002A)
    .ARM.Collect$$libinit$$0000002C          0x00000142   Section        0  libinit2.o(.ARM.Collect$$libinit$$0000002C)
    .ARM.Collect$$libinit$$0000002E          0x00000142   Section        0  libinit2.o(.ARM.Collect$$libinit$$0000002E)
    .ARM.Collect$$libinit$$0000002F          0x00000142   Section        2  libinit2.o(.ARM.Collect$$libinit$$0000002F)
    .ARM.Collect$$libshutdown$$00000000      0x00000144   Section        2  libshutdown.o(.ARM.Collect$$libshutdown$$00000000)
    .ARM.Collect$$libshutdown$$00000003      0x00000146   Section        0  libshutdown2.o(.ARM.Collect$$libshutdown$$00000003)
    .ARM.Collect$$libshutdown$$00000006      0x00000146   Section        0  libshutdown2.o(.ARM.Collect$$libshutdown$$00000006)
    .ARM.Collect$$libshutdown$$00000009      0x00000146   Section        0  libshutdown2.o(.ARM.Collect$$libshutdown$$00000009)
    .ARM.Collect$$libshutdown$$0000000B      0x00000146   Section        0  libshutdown2.o(.ARM.Collect$$libshutdown$$0000000B)
    .ARM.Collect$$libshutdown$$0000000E      0x00000146   Section        0  libshutdown2.o(.ARM.Collect$$libshutdown$$0000000E)
    .ARM.Collect$$libshutdown$$0000000F      0x00000146   Section        2  libshutdown2.o(.ARM.Collect$$libshutdown$$0000000F)
    .ARM.Collect$$rtentry$$00000000          0x00000148   Section        0  rtentry.o(.ARM.Collect$$rtentry$$00000000)
    .ARM.Collect$$rtentry$$00000002          0x00000148   Section        0  rtentry2.o(.ARM.Collect$$rtentry$$00000002)
    .ARM.Collect$$rtentry$$00000004          0x00000148   Section        6  rtentry4.o(.ARM.Collect$$rtentry$$00000004)
    .ARM.Collect$$rtentry$$00000009          0x0000014e   Section        0  rtentry2.o(.ARM.Collect$$rtentry$$00000009)
    .ARM.Collect$$rtentry$$0000000A          0x0000014e   Section        4  rtentry2.o(.ARM.Collect$$rtentry$$0000000A)
    .ARM.Collect$$rtentry$$0000000C          0x00000152   Section        0  rtentry2.o(.ARM.Collect$$rtentry$$0000000C)
    .ARM.Collect$$rtentry$$0000000D          0x00000152   Section        8  rtentry2.o(.ARM.Collect$$rtentry$$0000000D)
    .ARM.Collect$$rtexit$$00000000           0x0000015a   Section        2  rtexit.o(.ARM.Collect$$rtexit$$00000000)
    .ARM.Collect$$rtexit$$00000002           0x0000015c   Section        0  rtexit2.o(.ARM.Collect$$rtexit$$00000002)
    .ARM.Collect$$rtexit$$00000003           0x0000015c   Section        4  rtexit2.o(.ARM.Collect$$rtexit$$00000003)
    .ARM.Collect$$rtexit$$00000004           0x00000160   Section        6  rtexit2.o(.ARM.Collect$$rtexit$$00000004)
    .text                                    0x00000168   Section      100  startup_nuc1xx.o(.text)
    Default_Handler                          0x00000193   Thumb Code     2  startup_nuc1xx.o(.text)
    .text                                    0x000001cc   Section        0  system_nuc1xx.o(.text)
    .text                                    0x0000026c   Section        0  drvadc.o(.text)
    NVIC_SetPriority                         0x0000026d   Thumb Code   110  drvadc.o(.text)
    NVIC_EnableIRQ                           0x000009e5   Thumb Code    14  drvadc.o(.text)
    .text                                    0x00000a24   Section        0  drvsys.o(.text)
    NVIC_SetPriority                         0x00000a25   Thumb Code   110  drvsys.o(.text)
    NVIC_EnableIRQ                           0x0000146b   Thumb Code    14  drvsys.o(.text)
    NVIC_DisableIRQ                          0x00001479   Thumb Code    16  drvsys.o(.text)
    .text                                    0x000014ac   Section        0  drvuart.o(.text)
    BaudRateCalculator                       0x000014f1   Thumb Code   204  drvuart.o(.text)
    GetUartClk                               0x000015bd   Thumb Code    62  drvuart.o(.text)
    NVIC_EnableIRQ                           0x00001df3   Thumb Code    14  drvuart.o(.text)
    NVIC_DisableIRQ                          0x00001e01   Thumb Code    16  drvuart.o(.text)
    .text                                    0x00001e1c   Section        0  drvgpio.o(.text)
    NVIC_SetPriority                         0x00001e1d   Thumb Code   110  drvgpio.o(.text)
    NVIC_EnableIRQ                           0x00002bd7   Thumb Code    14  drvgpio.o(.text)
    NVIC_DisableIRQ                          0x00002be5   Thumb Code    16  drvgpio.o(.text)
    .text                                    0x00002c0c   Section        0  proj.o(.text)
    .text                                    0x00002c6c   Section      346  aeabi_sdiv.o(.text)
    .text                                    0x00002dc6   Section        0  heapauxi.o(.text)
    .text                                    0x00002dcc   Section       62  sys_stackheap_outer.o(.text)
    .text                                    0x00002e0a   Section        0  exit.o(.text)
    .text                                    0x00002e18   Section        8  libspace.o(.text)
    .text                                    0x00002e20   Section        0  sys_exit.o(.text)
    .text                                    0x00002e2c   Section        2  use_no_semi.o(.text)
    .text                                    0x00002e2e   Section        0  indicate_semi.o(.text)
    i.__ARM_common_switch8                   0x00002e2e   Section        0  drvsys.o(i.__ARM_common_switch8)
    .constdata                               0x00002e4c   Section       16  drvsys.o(.constdata)
    .data                                    0x20000000   Section       28  system_nuc1xx.o(.data)
    .data                                    0x2000001c   Section       12  drvadc.o(.data)
    g_ptADCCallBack                          0x2000001c   Data           4  drvadc.o(.data)
    g_ptADCMP0CallBack                       0x20000020   Data           4  drvadc.o(.data)
    g_ptADCMP1CallBack                       0x20000024   Data           4  drvadc.o(.data)
    .data                                    0x20000028   Section        8  drvsys.o(.data)
    BOD_callbackFn                           0x20000028   Data           4  drvsys.o(.data)
    PWRWU_callbackFn                         0x2000002c   Data           4  drvsys.o(.data)
    .data                                    0x20000030   Section       12  drvuart.o(.data)
    g_pfnUART0callback                       0x20000030   Data           4  drvuart.o(.data)
    g_pfnUART1callback                       0x20000034   Data           4  drvuart.o(.data)
    g_pfnUART2callback                       0x20000038   Data           4  drvuart.o(.data)
    .data                                    0x2000003c   Section       16  drvgpio.o(.data)
    _pfGPABCallback                          0x2000003c   Data           4  drvgpio.o(.data)
    _pfGPCDECallback                         0x20000040   Data           4  drvgpio.o(.data)
    _pfEINT0Callback                         0x20000044   Data           4  drvgpio.o(.data)
    _pfEINT1Callback                         0x20000048   Data           4  drvgpio.o(.data)
    .bss                                     0x2000004c   Section       12  drvadc.o(.bss)
    g_pu32UserData                           0x2000004c   Data          12  drvadc.o(.bss)
    .bss                                     0x20000058   Section       96  libspace.o(.bss)
    HEAP                                     0x200000b8   Section        0  startup_nuc1xx.o(HEAP)
    STACK                                    0x200000b8   Section     1024  startup_nuc1xx.o(STACK)
    Heap_Mem                                 0x200000b8   Data           0  startup_nuc1xx.o(HEAP)
    Stack_Mem                                0x200000b8   Data        1024  startup_nuc1xx.o(STACK)
    __initial_sp                             0x200004b8   Data           0  startup_nuc1xx.o(STACK)

    Global Symbols

    Symbol Name                              Value     Ov Type        Size  Object(Section)

    BuildAttributes$$THM_ISAv3M$S$PE$A:L22$X:L11$S22$IEEE1$IW$USESV6$~STKCKD$USESV7$~SHL$OSPACE$ROPI$EBA8$UX$STANDARDLIB$REQ8$PRES8$EABIv2 0x00000000   Number         0  anon$$obj.o ABSOLUTE
    __ARM_use_no_argv                        0x00000000   Number         0  proj.o ABSOLUTE
    __Vectors                                0x00000000   Data           4  startup_nuc1xx.o(RESET)
    __ARM_exceptions_init                     - Undefined Weak Reference
    __alloca_initialize                       - Undefined Weak Reference
    __cpp_initialize__aeabi_                  - Undefined Weak Reference
    __cxa_finalize                            - Undefined Weak Reference
    __rt_locale                               - Undefined Weak Reference
    __sigvec_lookup                           - Undefined Weak Reference
    _atexit_init                              - Undefined Weak Reference
    _call_atexit_fns                          - Undefined Weak Reference
    _clock_init                               - Undefined Weak Reference
    _fp_trap_init                             - Undefined Weak Reference
    _fp_trap_shutdown                         - Undefined Weak Reference
    _get_lc_collate                           - Undefined Weak Reference
    _get_lc_ctype                             - Undefined Weak Reference
    _get_lc_monetary                          - Undefined Weak Reference
    _get_lc_numeric                           - Undefined Weak Reference
    _get_lc_time                              - Undefined Weak Reference
    _getenv_init                              - Undefined Weak Reference
    _handle_redirection                       - Undefined Weak Reference
    _init_alloc                               - Undefined Weak Reference
    _init_user_alloc                          - Undefined Weak Reference
    _initio                                   - Undefined Weak Reference
    _rand_init                                - Undefined Weak Reference
    _signal_finish                            - Undefined Weak Reference
    _signal_init                              - Undefined Weak Reference
    _terminate_alloc                          - Undefined Weak Reference
    _terminate_user_alloc                     - Undefined Weak Reference
    _terminateio                              - Undefined Weak Reference
    __main                                   0x000000c1   Thumb Code     8  __main.o(!!!main)
    __scatterload                            0x000000c9   Thumb Code     0  __scatter.o(!!!scatter)
    __scatterload_rt2                        0x000000c9   Thumb Code    52  __scatter.o(!!!scatter)
    __scatterload_rt2_thumb_only             0x000000c9   Thumb Code     0  __scatter.o(!!!scatter)
    __scatterload_null                       0x000000d9   Thumb Code     0  __scatter.o(!!!scatter)
    __scatterload_copy                       0x00000105   Thumb Code    26  __scatter_copy.o(!!handler_copy)
    __scatterload_zeroinit                   0x00000121   Thumb Code    28  __scatter_zi.o(!!handler_zi)
    __rt_lib_init                            0x0000013d   Thumb Code     0  libinit.o(.ARM.Collect$$libinit$$00000000)
    __rt_lib_init_alloca_1                   0x00000143   Thumb Code     0  libinit2.o(.ARM.Collect$$libinit$$0000002A)
    __rt_lib_init_argv_1                     0x00000143   Thumb Code     0  libinit2.o(.ARM.Collect$$libinit$$00000028)
    __rt_lib_init_atexit_1                   0x00000143   Thumb Code     0  libinit2.o(.ARM.Collect$$libinit$$00000017)
    __rt_lib_init_clock_1                    0x00000143   Thumb Code     0  libinit2.o(.ARM.Collect$$libinit$$0000001D)
    __rt_lib_init_cpp_1                      0x00000143   Thumb Code     0  libinit2.o(.ARM.Collect$$libinit$$0000002E)
    __rt_lib_init_exceptions_1               0x00000143   Thumb Code     0  libinit2.o(.ARM.Collect$$libinit$$0000002C)
    __rt_lib_init_fp_trap_1                  0x00000143   Thumb Code     0  libinit2.o(.ARM.Collect$$libinit$$0000001B)
    __rt_lib_init_getenv_1                   0x00000143   Thumb Code     0  libinit2.o(.ARM.Collect$$libinit$$0000001F)
    __rt_lib_init_heap_1                     0x00000143   Thumb Code     0  libinit2.o(.ARM.Collect$$libinit$$00000006)
    __rt_lib_init_lc_collate_1               0x00000143   Thumb Code     0  libinit2.o(.ARM.Collect$$libinit$$0000000D)
    __rt_lib_init_lc_ctype_1                 0x00000143   Thumb Code     0  libinit2.o(.ARM.Collect$$libinit$$0000000F)
    __rt_lib_init_lc_monetary_1              0x00000143   Thumb Code     0  libinit2.o(.ARM.Collect$$libinit$$00000011)
    __rt_lib_init_lc_numeric_1               0x00000143   Thumb Code     0  libinit2.o(.ARM.Collect$$libinit$$00000013)
    __rt_lib_init_lc_time_1                  0x00000143   Thumb Code     0  libinit2.o(.ARM.Collect$$libinit$$00000015)
    __rt_lib_init_rand_1                     0x00000143   Thumb Code     0  libinit2.o(.ARM.Collect$$libinit$$0000000A)
    __rt_lib_init_return                     0x00000143   Thumb Code     0  libinit2.o(.ARM.Collect$$libinit$$0000002F)
    __rt_lib_init_signal_1                   0x00000143   Thumb Code     0  libinit2.o(.ARM.Collect$$libinit$$00000019)
    __rt_lib_init_stdio_1                    0x00000143   Thumb Code     0  libinit2.o(.ARM.Collect$$libinit$$00000021)
    __rt_lib_init_user_alloc_1               0x00000143   Thumb Code     0  libinit2.o(.ARM.Collect$$libinit$$00000008)
    __rt_lib_shutdown                        0x00000145   Thumb Code     0  libshutdown.o(.ARM.Collect$$libshutdown$$00000000)
    __rt_lib_shutdown_fp_trap_1              0x00000147   Thumb Code     0  libshutdown2.o(.ARM.Collect$$libshutdown$$00000006)
    __rt_lib_shutdown_heap_1                 0x00000147   Thumb Code     0  libshutdown2.o(.ARM.Collect$$libshutdown$$0000000E)
    __rt_lib_shutdown_return                 0x00000147   Thumb Code     0  libshutdown2.o(.ARM.Collect$$libshutdown$$0000000F)
    __rt_lib_shutdown_signal_1               0x00000147   Thumb Code     0  libshutdown2.o(.ARM.Collect$$libshutdown$$00000009)
    __rt_lib_shutdown_stdio_1                0x00000147   Thumb Code     0  libshutdown2.o(.ARM.Collect$$libshutdown$$00000003)
    __rt_lib_shutdown_user_alloc_1           0x00000147   Thumb Code     0  libshutdown2.o(.ARM.Collect$$libshutdown$$0000000B)
    __rt_entry                               0x00000149   Thumb Code     0  rtentry.o(.ARM.Collect$$rtentry$$00000000)
    __rt_entry_presh_1                       0x00000149   Thumb Code     0  rtentry2.o(.ARM.Collect$$rtentry$$00000002)
    __rt_entry_sh                            0x00000149   Thumb Code     0  rtentry4.o(.ARM.Collect$$rtentry$$00000004)
    __rt_entry_li                            0x0000014f   Thumb Code     0  rtentry2.o(.ARM.Collect$$rtentry$$0000000A)
    __rt_entry_postsh_1                      0x0000014f   Thumb Code     0  rtentry2.o(.ARM.Collect$$rtentry$$00000009)
    __rt_entry_main                          0x00000153   Thumb Code     0  rtentry2.o(.ARM.Collect$$rtentry$$0000000D)
    __rt_entry_postli_1                      0x00000153   Thumb Code     0  rtentry2.o(.ARM.Collect$$rtentry$$0000000C)
    __rt_exit                                0x0000015b   Thumb Code     0  rtexit.o(.ARM.Collect$$rtexit$$00000000)
    __rt_exit_ls                             0x0000015d   Thumb Code     0  rtexit2.o(.ARM.Collect$$rtexit$$00000003)
    __rt_exit_prels_1                        0x0000015d   Thumb Code     0  rtexit2.o(.ARM.Collect$$rtexit$$00000002)
    __rt_exit_exit                           0x00000161   Thumb Code     0  rtexit2.o(.ARM.Collect$$rtexit$$00000004)
    Reset_Handler                            0x00000169   Thumb Code    32  startup_nuc1xx.o(.text)
    NMI_Handler                              0x00000189   Thumb Code     2  startup_nuc1xx.o(.text)
    HardFault_Handler                        0x0000018b   Thumb Code     2  startup_nuc1xx.o(.text)
    SVC_Handler                              0x0000018d   Thumb Code     2  startup_nuc1xx.o(.text)
    PendSV_Handler                           0x0000018f   Thumb Code     2  startup_nuc1xx.o(.text)
    SysTick_Handler                          0x00000191   Thumb Code     2  startup_nuc1xx.o(.text)
    ACMP_IRQHandler                          0x00000193   Thumb Code     0  startup_nuc1xx.o(.text)
    CAN0_IRQHandler                          0x00000193   Thumb Code     0  startup_nuc1xx.o(.text)
    I2C0_IRQHandler                          0x00000193   Thumb Code     0  startup_nuc1xx.o(.text)
    I2C1_IRQHandler                          0x00000193   Thumb Code     0  startup_nuc1xx.o(.text)
    I2S_IRQHandler                           0x00000193   Thumb Code     0  startup_nuc1xx.o(.text)
    PDMA_IRQHandler                          0x00000193   Thumb Code     0  startup_nuc1xx.o(.text)
    PS2_IRQHandler                           0x00000193   Thumb Code     0  startup_nuc1xx.o(.text)
    PWMA_IRQHandler                          0x00000193   Thumb Code     0  startup_nuc1xx.o(.text)
    PWMB_IRQHandler                          0x00000193   Thumb Code     0  startup_nuc1xx.o(.text)
    RTC_IRQHandler                           0x00000193   Thumb Code     0  startup_nuc1xx.o(.text)
    SPI0_IRQHandler                          0x00000193   Thumb Code     0  startup_nuc1xx.o(.text)
    SPI1_IRQHandler                          0x00000193   Thumb Code     0  startup_nuc1xx.o(.text)
    SPI2_IRQHandler                          0x00000193   Thumb Code     0  startup_nuc1xx.o(.text)
    SPI3_IRQHandler                          0x00000193   Thumb Code     0  startup_nuc1xx.o(.text)
    TMR0_IRQHandler                          0x00000193   Thumb Code     0  startup_nuc1xx.o(.text)
    TMR1_IRQHandler                          0x00000193   Thumb Code     0  startup_nuc1xx.o(.text)
    TMR2_IRQHandler                          0x00000193   Thumb Code     0  startup_nuc1xx.o(.text)
    TMR3_IRQHandler                          0x00000193   Thumb Code     0  startup_nuc1xx.o(.text)
    USBD_IRQHandler                          0x00000193   Thumb Code     0  startup_nuc1xx.o(.text)
    WDT_IRQHandler                           0x00000193   Thumb Code     0  startup_nuc1xx.o(.text)
    __user_initial_stackheap                 0x00000195   Thumb Code     0  startup_nuc1xx.o(.text)
    SystemCoreClockUpdate                    0x000001cd   Thumb Code   130  system_nuc1xx.o(.text)
    SystemInit                               0x0000024f   Thumb Code     2  system_nuc1xx.o(.text)
    DrvADC_Open                              0x000002db   Thumb Code   214  drvadc.o(.text)
    DrvADC_Close                             0x000003b1   Thumb Code   100  drvadc.o(.text)
    DrvADC_SetADCChannel                     0x00000415   Thumb Code    16  drvadc.o(.text)
    DrvADC_ConfigADCChannel7                 0x00000425   Thumb Code    66  drvadc.o(.text)
    DrvADC_SetADCInputMode                   0x00000467   Thumb Code    38  drvadc.o(.text)
    DrvADC_SetADCOperationMode               0x0000048d   Thumb Code    54  drvadc.o(.text)
    DrvADC_SetADCClkSrc                      0x000004c3   Thumb Code    22  drvadc.o(.text)
    DrvADC_SetADCDivisor                     0x000004d9   Thumb Code    26  drvadc.o(.text)
    DrvADC_EnableADCInt                      0x000004f3   Thumb Code    58  drvadc.o(.text)
    DrvADC_DisableADCInt                     0x0000052d   Thumb Code    14  drvadc.o(.text)
    DrvADC_EnableADCCmp0Int                  0x0000053b   Thumb Code    58  drvadc.o(.text)
    DrvADC_DisableADCCmp0Int                 0x00000575   Thumb Code    14  drvadc.o(.text)
    DrvADC_EnableADCCmp1Int                  0x00000583   Thumb Code    58  drvadc.o(.text)
    DrvADC_DisableADCCmp1Int                 0x000005bd   Thumb Code    14  drvadc.o(.text)
    ADC_IRQHandler                           0x000005cb   Thumb Code   170  drvadc.o(.text)
    DrvADC_GetConversionRate                 0x00000675   Thumb Code   152  drvadc.o(.text)
    DrvADC_EnableExtTrigger                  0x0000070d   Thumb Code    74  drvadc.o(.text)
    DrvADC_DisableExtTrigger                 0x00000757   Thumb Code    16  drvadc.o(.text)
    DrvADC_StartConvert                      0x00000767   Thumb Code    32  drvadc.o(.text)
    DrvADC_StopConvert                       0x00000787   Thumb Code    16  drvadc.o(.text)
    DrvADC_IsConversionDone                  0x00000797   Thumb Code    16  drvadc.o(.text)
    DrvADC_GetConversionData                 0x000007a7   Thumb Code    76  drvadc.o(.text)
    DrvADC_EnablePDMA                        0x000007f3   Thumb Code    28  drvadc.o(.text)
    DrvADC_DisablePDMA                       0x0000080f   Thumb Code    16  drvadc.o(.text)
    DrvADC_IsDataValid                       0x0000081f   Thumb Code    44  drvadc.o(.text)
    DrvADC_IsDataOverrun                     0x0000084b   Thumb Code    44  drvadc.o(.text)
    DrvADC_EnableADCCmp0                     0x00000877   Thumb Code   132  drvadc.o(.text)
    DrvADC_DisableADCCmp0                    0x000008fb   Thumb Code    14  drvadc.o(.text)
    DrvADC_EnableADCCmp1                     0x00000909   Thumb Code   132  drvadc.o(.text)
    DrvADC_DisableADCCmp1                    0x0000098d   Thumb Code    14  drvadc.o(.text)
    DrvADC_EnableSelfCalibration             0x0000099b   Thumb Code    16  drvadc.o(.text)
    DrvADC_IsCalibrationDone                 0x000009ab   Thumb Code    18  drvadc.o(.text)
    DrvADC_DisableSelfCalibration            0x000009bd   Thumb Code    14  drvadc.o(.text)
    DrvADC_DiffModeOutputFormat              0x000009cb   Thumb Code    22  drvadc.o(.text)
    DrvADC_GetVersion                        0x000009e1   Thumb Code     4  drvadc.o(.text)
    DrvSYS_GetVersion                        0x00000a93   Thumb Code     4  drvsys.o(.text)
    DrvSYS_ReadProductID                     0x00000a97   Thumb Code     8  drvsys.o(.text)
    DrvSYS_UnlockProtectedReg                0x00000a9f   Thumb Code    34  drvsys.o(.text)
    DrvSYS_LockProtectedReg                  0x00000ac1   Thumb Code    28  drvsys.o(.text)
    DrvSYS_IsProtectedRegLocked              0x00000add   Thumb Code    10  drvsys.o(.text)
    DrvSYS_GetResetSource                    0x00000ae7   Thumb Code     8  drvsys.o(.text)
    DrvSYS_ClearResetSource                  0x00000aef   Thumb Code    12  drvsys.o(.text)
    DrvSYS_ResetIP                           0x00000afb   Thumb Code   110  drvsys.o(.text)
    DrvSYS_ResetCPU                          0x00000b69   Thumb Code    20  drvsys.o(.text)
    DrvSYS_ResetChip                         0x00000b7d   Thumb Code    20  drvsys.o(.text)
    DrvSYS_SelectBODVolt                     0x00000b91   Thumb Code    26  drvsys.o(.text)
    DrvSYS_SetBODFunction                    0x00000bab   Thumb Code    88  drvsys.o(.text)
    DrvSYS_EnableBODLowPowerMode             0x00000c03   Thumb Code    20  drvsys.o(.text)
    DrvSYS_DisableBODLowPowerMode            0x00000c17   Thumb Code    18  drvsys.o(.text)
    DrvSYS_GetBODState                       0x00000c29   Thumb Code    12  drvsys.o(.text)
    DrvSYS_EnableLowVoltReset                0x00000c35   Thumb Code    20  drvsys.o(.text)
    DrvSYS_DisableLowVoltReset               0x00000c49   Thumb Code    18  drvsys.o(.text)
    DrvSYS_EnableTemperatureSensor           0x00000c5b   Thumb Code    20  drvsys.o(.text)
    DrvSYS_DisableTemperatureSensor          0x00000c6f   Thumb Code    18  drvsys.o(.text)
    DrvSYS_EnablePOR                         0x00000c81   Thumb Code    10  drvsys.o(.text)
    DrvSYS_DisablePOR                        0x00000c8b   Thumb Code     8  drvsys.o(.text)
    BOD_IRQHandler                           0x00000c93   Thumb Code    36  drvsys.o(.text)
    DrvSYS_SetIPClock                        0x00000cb7   Thumb Code   114  drvsys.o(.text)
    DrvSYS_SelectHCLKSource                  0x00000d29   Thumb Code    48  drvsys.o(.text)
    DrvSYS_SelectSysTickSource               0x00000d59   Thumb Code    44  drvsys.o(.text)
    DrvSYS_SelectIPClockSource               0x00000d85   Thumb Code   376  drvsys.o(.text)
    DrvSYS_SetClockDivider                   0x00000efd   Thumb Code   130  drvsys.o(.text)
    DrvSYS_SetOscCtrl                        0x00000f7f   Thumb Code   120  drvsys.o(.text)
    PWRWU_IRQHandler                         0x00000ff7   Thumb Code    32  drvsys.o(.text)
    DrvSYS_SetPowerDownWakeUpInt             0x00001017   Thumb Code    98  drvsys.o(.text)
    DrvSYS_EnterPowerDown                    0x00001079   Thumb Code    52  drvsys.o(.text)
    DrvSYS_SelectPLLSource                   0x000010ad   Thumb Code    26  drvsys.o(.text)
    DrvSYS_SetPLLMode                        0x000010c7   Thumb Code    46  drvsys.o(.text)
    DrvSYS_GetExtClockFreq                   0x000010f5   Thumb Code     4  drvsys.o(.text)
    DrvSYS_GetPLLContent                     0x000010f9   Thumb Code   164  drvsys.o(.text)
    DrvSYS_SetPLLContent                     0x0000119d   Thumb Code    72  drvsys.o(.text)
    DrvSYS_GetPLLClockFreq                   0x000011e5   Thumb Code   150  drvsys.o(.text)
    DrvSYS_GetHCLKFreq                       0x0000127b   Thumb Code    92  drvsys.o(.text)
    DrvSYS_Open                              0x000012d7   Thumb Code   156  drvsys.o(.text)
    DrvSYS_SetFreqDividerOutput              0x00001373   Thumb Code    70  drvsys.o(.text)
    DrvSYS_EnableHighPerformanceMode         0x000013b9   Thumb Code    20  drvsys.o(.text)
    DrvSYS_DisableHighPerformanceMode        0x000013cd   Thumb Code    18  drvsys.o(.text)
    DrvSYS_Delay                             0x000013df   Thumb Code    34  drvsys.o(.text)
    DrvSYS_GetChipClockSourceStatus          0x00001401   Thumb Code    80  drvsys.o(.text)
    DrvSYS_GetClockSwitchStatus              0x00001451   Thumb Code    10  drvsys.o(.text)
    DrvSYS_ClearClockSwitchStatus            0x0000145b   Thumb Code    16  drvsys.o(.text)
    UART02_IRQHandler                        0x000014ad   Thumb Code    44  drvuart.o(.text)
    UART1_IRQHandler                         0x000014d9   Thumb Code    24  drvuart.o(.text)
    DrvUART_SetRTS                           0x000015fb   Thumb Code    46  drvuart.o(.text)
    DrvUART_Open                             0x00001629   Thumb Code   598  drvuart.o(.text)
    DrvUART_Close                            0x0000187f   Thumb Code   182  drvuart.o(.text)
    DrvUART_EnableInt                        0x00001935   Thumb Code   238  drvuart.o(.text)
    DrvUART_DisableInt                       0x00001a23   Thumb Code   156  drvuart.o(.text)
    DrvUART_ClearIntFlag                     0x00001abf   Thumb Code   138  drvuart.o(.text)
    DrvUART_GetIntStatus                     0x00001b49   Thumb Code    14  drvuart.o(.text)
    DrvUART_GetCTSInfo                       0x00001b57   Thumb Code    24  drvuart.o(.text)
    DrvUART_Read                             0x00001b6f   Thumb Code    58  drvuart.o(.text)
    DrvUART_Write                            0x00001ba9   Thumb Code    58  drvuart.o(.text)
    DrvUART_EnablePDMA                       0x00001be3   Thumb Code    76  drvuart.o(.text)
    DrvUART_DisablePDMA                      0x00001c2f   Thumb Code    68  drvuart.o(.text)
    DrvUART_SetFnIRDA                        0x00001c73   Thumb Code   118  drvuart.o(.text)
    DrvUART_SetFnLIN                         0x00001ce9   Thumb Code    72  drvuart.o(.text)
    DrvUART_SetFnRS485                       0x00001d31   Thumb Code   190  drvuart.o(.text)
    DrvUART_GetVersion                       0x00001def   Thumb Code     4  drvuart.o(.text)
    GPAB_IRQHandler                          0x00001e8b   Thumb Code    52  drvgpio.o(.text)
    GPCDE_IRQHandler                         0x00001ebf   Thumb Code    56  drvgpio.o(.text)
    EINT0_IRQHandler                         0x00001ef7   Thumb Code    28  drvgpio.o(.text)
    EINT1_IRQHandler                         0x00001f13   Thumb Code    28  drvgpio.o(.text)
    DrvGPIO_Open                             0x00001f2f   Thumb Code   110  drvgpio.o(.text)
    DrvGPIO_Close                            0x00001f9d   Thumb Code    54  drvgpio.o(.text)
    DrvGPIO_SetBit                           0x00001fd3   Thumb Code    36  drvgpio.o(.text)
    DrvGPIO_GetBit                           0x00001ff7   Thumb Code    34  drvgpio.o(.text)
    DrvGPIO_ClrBit                           0x00002019   Thumb Code    36  drvgpio.o(.text)
    DrvGPIO_SetPortBits                      0x0000203d   Thumb Code    16  drvgpio.o(.text)
    DrvGPIO_GetPortBits                      0x0000204d   Thumb Code    12  drvgpio.o(.text)
    DrvGPIO_GetDoutBit                       0x00002059   Thumb Code    30  drvgpio.o(.text)
    DrvGPIO_GetPortDoutBits                  0x00002077   Thumb Code    20  drvgpio.o(.text)
    DrvGPIO_SetBitMask                       0x0000208b   Thumb Code    26  drvgpio.o(.text)
    DrvGPIO_GetBitMask                       0x000020a5   Thumb Code    22  drvgpio.o(.text)
    DrvGPIO_ClrBitMask                       0x000020bb   Thumb Code    26  drvgpio.o(.text)
    DrvGPIO_GetPortMask                      0x000020d5   Thumb Code    12  drvgpio.o(.text)
    DrvGPIO_SetPortMask                      0x000020e1   Thumb Code    26  drvgpio.o(.text)
    DrvGPIO_ClrPortMask                      0x000020fb   Thumb Code    26  drvgpio.o(.text)
    DrvGPIO_EnableDigitalInputBit            0x00002115   Thumb Code    32  drvgpio.o(.text)
    DrvGPIO_DisableDigitalInputBit           0x00002135   Thumb Code    32  drvgpio.o(.text)
    DrvGPIO_EnableDebounce                   0x00002155   Thumb Code    44  drvgpio.o(.text)
    DrvGPIO_DisableDebounce                  0x00002181   Thumb Code    42  drvgpio.o(.text)
    DrvGPIO_SetDebounceTime                  0x000021ab   Thumb Code    60  drvgpio.o(.text)
    DrvGPIO_GetDebounceSampleCycle           0x000021e7   Thumb Code    12  drvgpio.o(.text)
    DrvGPIO_EnableInt                        0x000021f3   Thumb Code   250  drvgpio.o(.text)
    DrvGPIO_DisableInt                       0x000022ed   Thumb Code    68  drvgpio.o(.text)
    DrvGPIO_SetIntCallback                   0x00002331   Thumb Code    10  drvgpio.o(.text)
    DrvGPIO_EnableEINT0                      0x0000233b   Thumb Code   118  drvgpio.o(.text)
    DrvGPIO_DisableEINT0                     0x000023b1   Thumb Code    24  drvgpio.o(.text)
    DrvGPIO_EnableEINT1                      0x000023c9   Thumb Code   116  drvgpio.o(.text)
    DrvGPIO_DisableEINT1                     0x0000243d   Thumb Code    24  drvgpio.o(.text)
    DrvGPIO_GetIntStatus                     0x00002455   Thumb Code    14  drvgpio.o(.text)
    DrvGPIO_InitFunction                     0x00002463   Thumb Code  1904  drvgpio.o(.text)
    DrvGPIO_GetVersion                       0x00002bd3   Thumb Code     4  drvgpio.o(.text)
    Init_LED                                 0x00002c0d   Thumb Code    22  proj.o(.text)
    main                                     0x00002c23   Thumb Code    62  proj.o(.text)
    __aeabi_uidiv                            0x00002c6d   Thumb Code     0  aeabi_sdiv.o(.text)
    __aeabi_uidivmod                         0x00002c6d   Thumb Code    20  aeabi_sdiv.o(.text)
    __aeabi_idiv                             0x00002c81   Thumb Code     0  aeabi_sdiv.o(.text)
    __aeabi_idivmod                          0x00002c81   Thumb Code   326  aeabi_sdiv.o(.text)
    __use_two_region_memory                  0x00002dc7   Thumb Code     2  heapauxi.o(.text)
    __rt_heap_escrow$2region                 0x00002dc9   Thumb Code     2  heapauxi.o(.text)
    __rt_heap_expand$2region                 0x00002dcb   Thumb Code     2  heapauxi.o(.text)
    __user_setup_stackheap                   0x00002dcd   Thumb Code    62  sys_stackheap_outer.o(.text)
    exit                                     0x00002e0b   Thumb Code    12  exit.o(.text)
    __user_libspace                          0x00002e19   Thumb Code     8  libspace.o(.text)
    __user_perproc_libspace                  0x00002e19   Thumb Code     0  libspace.o(.text)
    __user_perthread_libspace                0x00002e19   Thumb Code     0  libspace.o(.text)
    _sys_exit                                0x00002e21   Thumb Code     8  sys_exit.o(.text)
    __I$use$semihosting                      0x00002e2d   Thumb Code     0  use_no_semi.o(.text)
    __use_no_semihosting_swi                 0x00002e2d   Thumb Code     2  use_no_semi.o(.text)
    __ARM_common_switch8                     0x00002e2f   Thumb Code    28  drvsys.o(i.__ARM_common_switch8)
    __semihosting_library_function           0x00002e2f   Thumb Code     0  indicate_semi.o(.text)
    Region$$Table$$Base                      0x00002e5c   Number         0  anon$$obj.o(Region$$Table)
    Region$$Table$$Limit                     0x00002e7c   Number         0  anon$$obj.o(Region$$Table)
    SystemCoreClock                          0x20000000   Data           4  system_nuc1xx.o(.data)
    CyclesPerUs                              0x20000004   Data           4  system_nuc1xx.o(.data)
    gau32ClkSrcTbl                           0x20000008   Data          20  system_nuc1xx.o(.data)
    __libspace_start                         0x20000058   Data          96  libspace.o(.bss)
    __temporary_stack_top$libspace           0x200000b8   Data           0  libspace.o(.bss)



==============================================================================

Memory Map of the image

  Image Entry point : 0x00000169

  Load Region LR_1 (Base: 0x00000000, Size: 0x00002ec8, Max: 0xffffffff, ABSOLUTE)

    Execution Region ER_RO (Base: 0x00000000, Size: 0x00002e7c, Max: 0xffffffff, ABSOLUTE)

    Base Addr    Size         Type   Attr      Idx    E Section Name        Object

    0x00000000   0x000000c0   Data   RO            3    RESET               startup_nuc1xx.o
    0x000000c0   0x00000008   Code   RO          233  * !!!main             c_p.l(__main.o)
    0x000000c8   0x0000003c   Code   RO          397    !!!scatter          c_p.l(__scatter.o)
    0x00000104   0x0000001a   Code   RO          399    !!handler_copy      c_p.l(__scatter_copy.o)
    0x0000011e   0x00000002   PAD
    0x00000120   0x0000001c   Code   RO          401    !!handler_zi        c_p.l(__scatter_zi.o)
    0x0000013c   0x00000006   Code   RO          271    .ARM.Collect$$libinit$$00000000  c_p.l(libinit.o)
    0x00000142   0x00000000   Code   RO          286    .ARM.Collect$$libinit$$00000006  c_p.l(libinit2.o)
    0x00000142   0x00000000   Code   RO          288    .ARM.Collect$$libinit$$00000008  c_p.l(libinit2.o)
    0x00000142   0x00000000   Code   RO          290    .ARM.Collect$$libinit$$0000000A  c_p.l(libinit2.o)
    0x00000142   0x00000000   Code   RO          293    .ARM.Collect$$libinit$$0000000D  c_p.l(libinit2.o)
    0x00000142   0x00000000   Code   RO          295    .ARM.Collect$$libinit$$0000000F  c_p.l(libinit2.o)
    0x00000142   0x00000000   Code   RO          297    .ARM.Collect$$libinit$$00000011  c_p.l(libinit2.o)
    0x00000142   0x00000000   Code   RO          299    .ARM.Collect$$libinit$$00000013  c_p.l(libinit2.o)
    0x00000142   0x00000000   Code   RO          301    .ARM.Collect$$libinit$$00000015  c_p.l(libinit2.o)
    0x00000142   0x00000000   Code   RO          303    .ARM.Collect$$libinit$$00000017  c_p.l(libinit2.o)
    0x00000142   0x00000000   Code   RO          305    .ARM.Collect$$libinit$$00000019  c_p.l(libinit2.o)
    0x00000142   0x00000000   Code   RO          307    .ARM.Collect$$libinit$$0000001B  c_p.l(libinit2.o)
    0x00000142   0x00000000   Code   RO          309    .ARM.Collect$$libinit$$0000001D  c_p.l(libinit2.o)
    0x00000142   0x00000000   Code   RO          311    .ARM.Collect$$libinit$$0000001F  c_p.l(libinit2.o)
    0x00000142   0x00000000   Code   RO          313    .ARM.Collect$$libinit$$00000021  c_p.l(libinit2.o)
    0x00000142   0x00000000   Code   RO          317    .ARM.Collect$$libinit$$00000028  c_p.l(libinit2.o)
    0x00000142   0x00000000   Code   RO          319    .ARM.Collect$$libinit$$0000002A  c_p.l(libinit2.o)
    0x00000142   0x00000000   Code   RO          321    .ARM.Collect$$libinit$$0000002C  c_p.l(libinit2.o)
    0x00000142   0x00000000   Code   RO          323    .ARM.Collect$$libinit$$0000002E  c_p.l(libinit2.o)
    0x00000142   0x00000002   Code   RO          324    .ARM.Collect$$libinit$$0000002F  c_p.l(libinit2.o)
    0x00000144   0x00000002   Code   RO          355    .ARM.Collect$$libshutdown$$00000000  c_p.l(libshutdown.o)
    0x00000146   0x00000000   Code   RO          382    .ARM.Collect$$libshutdown$$00000003  c_p.l(libshutdown2.o)
    0x00000146   0x00000000   Code   RO          385    .ARM.Collect$$libshutdown$$00000006  c_p.l(libshutdown2.o)
    0x00000146   0x00000000   Code   RO          388    .ARM.Collect$$libshutdown$$00000009  c_p.l(libshutdown2.o)
    0x00000146   0x00000000   Code   RO          390    .ARM.Collect$$libshutdown$$0000000B  c_p.l(libshutdown2.o)
    0x00000146   0x00000000   Code   RO          393    .ARM.Collect$$libshutdown$$0000000E  c_p.l(libshutdown2.o)
    0x00000146   0x00000002   Code   RO          394    .ARM.Collect$$libshutdown$$0000000F  c_p.l(libshutdown2.o)
    0x00000148   0x00000000   Code   RO          235    .ARM.Collect$$rtentry$$00000000  c_p.l(rtentry.o)
    0x00000148   0x00000000   Code   RO          241    .ARM.Collect$$rtentry$$00000002  c_p.l(rtentry2.o)
    0x00000148   0x00000006   Code   RO          253    .ARM.Collect$$rtentry$$00000004  c_p.l(rtentry4.o)
    0x0000014e   0x00000000   Code   RO          243    .ARM.Collect$$rtentry$$00000009  c_p.l(rtentry2.o)
    0x0000014e   0x00000004   Code   RO          244    .ARM.Collect$$rtentry$$0000000A  c_p.l(rtentry2.o)
    0x00000152   0x00000000   Code   RO          246    .ARM.Collect$$rtentry$$0000000C  c_p.l(rtentry2.o)
    0x00000152   0x00000008   Code   RO          247    .ARM.Collect$$rtentry$$0000000D  c_p.l(rtentry2.o)
    0x0000015a   0x00000002   Code   RO          276    .ARM.Collect$$rtexit$$00000000  c_p.l(rtexit.o)
    0x0000015c   0x00000000   Code   RO          330    .ARM.Collect$$rtexit$$00000002  c_p.l(rtexit2.o)
    0x0000015c   0x00000004   Code   RO          331    .ARM.Collect$$rtexit$$00000003  c_p.l(rtexit2.o)
    0x00000160   0x00000006   Code   RO          332    .ARM.Collect$$rtexit$$00000004  c_p.l(rtexit2.o)
    0x00000166   0x00000002   PAD
    0x00000168   0x00000064   Code   RO            4  * .text               startup_nuc1xx.o
    0x000001cc   0x000000a0   Code   RO           24    .text               system_nuc1xx.o
    0x0000026c   0x000007b8   Code   RO           54    .text               drvadc.o
    0x00000a24   0x00000a88   Code   RO           85    .text               drvsys.o
    0x000014ac   0x00000970   Code   RO          115    .text               drvuart.o
    0x00001e1c   0x00000df0   Code   RO          135    .text               drvgpio.o
    0x00002c0c   0x00000060   Code   RO          181    .text               proj.o
    0x00002c6c   0x0000015a   Code   RO          227    .text               c_p.l(aeabi_sdiv.o)
    0x00002dc6   0x00000006   Code   RO          231    .text               c_p.l(heapauxi.o)
    0x00002dcc   0x0000003e   Code   RO          257    .text               c_p.l(sys_stackheap_outer.o)
    0x00002e0a   0x0000000c   Code   RO          260    .text               c_p.l(exit.o)
    0x00002e16   0x00000002   PAD
    0x00002e18   0x00000008   Code   RO          272    .text               c_p.l(libspace.o)
    0x00002e20   0x0000000c   Code   RO          327    .text               c_p.l(sys_exit.o)
    0x00002e2c   0x00000002   Code   RO          344    .text               c_p.l(use_no_semi.o)
    0x00002e2e   0x00000000   Code   RO          346    .text               c_p.l(indicate_semi.o)
    0x00002e2e   0x0000001c   Code   RO           97    i.__ARM_common_switch8  drvsys.o
    0x00002e4a   0x00000002   PAD
    0x00002e4c   0x00000010   Data   RO           86    .constdata          drvsys.o
    0x00002e5c   0x00000020   Data   RO          395    Region$$Table       anon$$obj.o


    Execution Region ER_RW (Base: 0x20000000, Size: 0x0000004c, Max: 0xffffffff, ABSOLUTE)

    Base Addr    Size         Type   Attr      Idx    E Section Name        Object

    0x20000000   0x0000001c   Data   RW           25    .data               system_nuc1xx.o
    0x2000001c   0x0000000c   Data   RW           56    .data               drvadc.o
    0x20000028   0x00000008   Data   RW           87    .data               drvsys.o
    0x20000030   0x0000000c   Data   RW          116    .data               drvuart.o
    0x2000003c   0x00000010   Data   RW          136    .data               drvgpio.o


    Execution Region ER_ZI (Base: 0x2000004c, Size: 0x0000046c, Max: 0xffffffff, ABSOLUTE)

    Base Addr    Size         Type   Attr      Idx    E Section Name        Object

    0x2000004c   0x0000000c   Zero   RW           55    .bss                drvadc.o
    0x20000058   0x00000060   Zero   RW          273    .bss                c_p.l(libspace.o)
    0x200000b8   0x00000000   Zero   RW            2    HEAP                startup_nuc1xx.o
    0x200000b8   0x00000400   Zero   RW            1    STACK               startup_nuc1xx.o


==============================================================================

Image component sizes


      Code (inc. data)   RO Data    RW Data    ZI Data      Debug   Object Name

         0          0          0          0          0       4156   core_cm0.o
      1976         84          0         12         12     135965   drvadc.o
      3568        166          0         16          0      16923   drvgpio.o
      2724        140         16          8          0     139831   drvsys.o
      2416         86          0         12          0      18596   drvuart.o
        96         12          0          0          0        548   proj.o
       100         46        192          0       1024        624   startup_nuc1xx.o
       160         28          0         28          0       1280   system_nuc1xx.o

    ----------------------------------------------------------------------
     11042        562        240         76       1036     317923   Object Totals
         0          0         32          0          0          0   (incl. Generated)
         2          0          0          0          0          0   (incl. Padding)

    ----------------------------------------------------------------------

      Code (inc. data)   RO Data    RW Data    ZI Data      Debug   Library Member Name

         8          0          0          0          0         68   __main.o
        60          8          0          0          0          0   __scatter.o
        26          0          0          0          0          0   __scatter_copy.o
        28          0          0          0          0          0   __scatter_zi.o
       346          0          0          0          0         92   aeabi_sdiv.o
        12          0          0          0          0         64   exit.o
         6          0          0          0          0        136   heapauxi.o
         0          0          0          0          0          0   indicate_semi.o
         6          0          0          0          0          0   libinit.o
         2          0          0          0          0          0   libinit2.o
         2          0          0          0          0          0   libshutdown.o
         2          0          0          0          0          0   libshutdown2.o
         8          4          0          0         96         68   libspace.o
         0          0          0          0          0          0   rtentry.o
        12          0          0          0          0          0   rtentry2.o
         6          0          0          0          0          0   rtentry4.o
         2          0          0          0          0          0   rtexit.o
        10          0          0          0          0          0   rtexit2.o
        12          4          0          0          0         60   sys_exit.o
        62          0          0          0          0         80   sys_stackheap_outer.o
         2          0          0          0          0         68   use_no_semi.o

    ----------------------------------------------------------------------
       618         16          0          0         96        636   Library Totals
         6          0          0          0          0          0   (incl. Padding)

    ----------------------------------------------------------------------

      Code (inc. data)   RO Data    RW Data    ZI Data      Debug   Library Name

       612         16          0          0         96        636   c_p.l

    ----------------------------------------------------------------------
       618         16          0          0         96        636   Library Totals

    ----------------------------------------------------------------------

==============================================================================


      Code (inc. data)   RO Data    RW Data    ZI Data      Debug   

     11660        578        240         76       1132     317595   Grand Totals
     11660        578        240         76       1132     317595   ELF Image Totals
     11660        578        240         76          0          0   ROM Totals

==============================================================================

    Total RO  Size (Code + RO Data)                11900 (  11.62kB)
    Total RW  Size (RW Data + ZI Data)              1208 (   1.18kB)
    Total ROM Size (Code + RO Data + RW Data)      11976 (  11.70kB)

==============================================================================

