<html>
<body>
<pre>
<h1>µVision Build Log</h1>
<h2>Project:</h2>
D:\Documents and Settings\admin\Desktop\nu 140\CMSIS\CM0\DeviceSupport\Nuvoton\NUC1xx\new.uvproj
Project File Date:  04/30/2016

<h2>Output:</h2>
Rebuild target 'Target 1'
assembling startup_NUC1xx.s...
compiling core_cm0.c...
compiling system_NUC1xx.c...
compiling DrvADC.c...
compiling DrvSYS.c...
compiling DrvUART.c...
compiling DrvGPIO.c...
compiling Ascii_Table.C...
compiling ScanKey.c...
compiling proj.c...
compiling LCD_Driver.c...
linking...
Program Size: Code=11660 RO-data=240 RW-data=76 ZI-data=1132  
"new.axf" - 0 Error(s), 0 Warning(s).
Rebuild target 'Target 1'
assembling startup_NUC1xx.s...
compiling core_cm0.c...
compiling system_NUC1xx.c...
compiling DrvADC.c...
compiling DrvSYS.c...
compiling DrvUART.c...
compiling DrvGPIO.c...
compiling Ascii_Table.C...
compiling ScanKey.c...
compiling proj.c...
compiling LCD_Driver.c...
linking...
Program Size: Code=11660 RO-data=240 RW-data=76 ZI-data=1132  
"new.axf" - 0 Error(s), 0 Warning(s).
Load "D:\\Documents and Settings\\admin\\Desktop\\nu 140\\CMSIS\\CM0\\DeviceSupport\\Nuvoton\\NUC1xx\\new.AXF" 
